
     Program BANDS v.7.4.1 starts on 17Nov2025 at  4:29:20 

     This program is part of the open-source Quantum ESPRESSO suite
     for quantum simulation of materials; please cite
         "P. Giannozzi et al., J. Phys.:Condens. Matter 21 395502 (2009);
         "P. Giannozzi et al., J. Phys.:Condens. Matter 29 465901 (2017);
         "P. Giannozzi et al., J. Chem. Phys. 152 154105 (2020);
          URL http://www.quantum-espresso.org", 
     in publications or presentations arising from this work. More details at
     http://www.quantum-espresso.org/quote

     Parallel version (MPI), running on     4 processors

     MPI processes distributed on     1 nodes
     R & G space division:  proc/nbgrp/npool/nimage =       4
     15996 MiB available memory on the printing compute node when the environment starts


     Reading xml data from directory:

     ./tmp/silicon.save/

     IMPORTANT: XC functional enforced from input :
     Exchange-correlation= PBE
                           (   1   4   3   4   0   0   0)
     Any further DFT definition will be discarded
     Please, verify this is what you really want


     Parallelization info
     --------------------
     sticks:   dense  smooth     PW     G-vecs:    dense   smooth      PW
     Min         108     108     34                 1489     1489     266
     Max         109     109     35                 1492     1492     267
     Sum         433     433    139                 5961     5961    1067

     Using Slab Decomposition


     Check: negative core charge=   -0.000004
     Reading collected, re-writing distributed wavefunctions
     high-symmetry point:  0.5000 0.5000 0.5000   x coordinate   0.0000
     high-symmetry point:  0.0000 0.0000 0.0000   x coordinate   0.8660
     high-symmetry point:  1.0000 0.0000 0.0000   x coordinate   1.8660
     high-symmetry point:  1.0000 0.2500 0.2500   x coordinate   2.2196
     high-symmetry point:  0.0000 0.0000 0.0000   x coordinate   3.2802

     Plottable bands (eV) written to file silicon_bands.dat.gnu
     Bands written to file silicon_bands.dat

 **************************************************************************

                    xk=(   0.50000,   0.50000,   0.50000  )

     zone border point and non-symmorphic group 
     symmetry decomposition not available

 **************************************************************************

 **************************************************************************

                    xk=(   0.47500,   0.47500,   0.47500  )

     point group C_3v (3m)  
     there are  3 classes
     the character table:

       E     2C3   3s_v 
A_1    1.00  1.00  1.00
A_2    1.00  1.00 -1.00
E      2.00 -1.00  0.00

     the symmetry operations in each class and the name of the first element:

     E        1
                                                                 
     2C3      2    3
                                                                 
     3s_v     4    5    6
                                                                 

     Band symmetry, C_3v (3m)   point group:

     e(  1 -  1) =     -3.45930  eV     1   --> A_1  L_1       
     e(  2 -  2) =     -0.71306  eV     1   --> A_1  L_1       
     e(  3 -  4) =      5.01464  eV     2   --> E    L_3       
     e(  5 -  5) =      7.75558  eV     1   --> A_1  L_1       
     e(  6 -  7) =      9.55783  eV     2   --> E    L_3       
     e(  8 -  8) =     13.95490  eV     1   --> A_1  L_1       

 **************************************************************************

 **************************************************************************

                    xk=(   0.45000,   0.45000,   0.45000  )

     Band symmetry, C_3v (3m)   point group:

     e(  1 -  1) =     -3.55814  eV     1   --> A_1  L_1       
     e(  2 -  2) =     -0.56786  eV     1   --> A_1  L_1       
     e(  3 -  4) =      5.02810  eV     2   --> E    L_3       
     e(  5 -  5) =      7.77104  eV     1   --> A_1  L_1       
     e(  6 -  7) =      9.57309  eV     2   --> E    L_3       
     e(  8 -  8) =     13.97825  eV     1   --> A_1  L_1       

 **************************************************************************

 **************************************************************************

                    xk=(   0.42500,   0.42500,   0.42500  )

     Band symmetry, C_3v (3m)   point group:

     e(  1 -  1) =     -3.70296  eV     1   --> A_1  L_1       
     e(  2 -  2) =     -0.34588  eV     1   --> A_1  L_1       
     e(  3 -  4) =      5.05053  eV     2   --> E    L_3       
     e(  5 -  5) =      7.79675  eV     1   --> A_1  L_1       
     e(  6 -  7) =      9.59732  eV     2   --> E    L_3       
     e(  8 -  8) =     14.01473  eV     1   --> A_1  L_1       

 **************************************************************************

 **************************************************************************

                    xk=(   0.40000,   0.40000,   0.40000  )

     Band symmetry, C_3v (3m)   point group:

     e(  1 -  1) =     -3.87569  eV     1   --> A_1  L_1       
     e(  2 -  2) =     -0.06539  eV     1   --> A_1  L_1       
     e(  3 -  4) =      5.08189  eV     2   --> E    L_3       
     e(  5 -  5) =      7.83251  eV     1   --> A_1  L_1       
     e(  6 -  7) =      9.62848  eV     2   --> E    L_3       
     e(  8 -  8) =     14.05920  eV     1   --> A_1  L_1       

 **************************************************************************

 **************************************************************************

                    xk=(   0.37500,   0.37500,   0.37500  )

     Band symmetry, C_3v (3m)   point group:

     e(  1 -  1) =     -4.06226  eV     1   --> A_1  L_1       
     e(  2 -  2) =      0.25928  eV     1   --> A_1  L_1       
     e(  3 -  4) =      5.12212  eV     2   --> E    L_3       
     e(  5 -  5) =      7.87826  eV     1   --> A_1  L_1       
     e(  6 -  7) =      9.66363  eV     2   --> E    L_3       
     e(  8 -  8) =     14.10075  eV     1   --> A_1  L_1       

 **************************************************************************

 **************************************************************************

                    xk=(   0.35000,   0.35000,   0.35000  )

     Band symmetry, C_3v (3m)   point group:

     e(  1 -  1) =     -4.25296  eV     1   --> A_1  L_1       
     e(  2 -  2) =      0.61802  eV     1   --> A_1  L_1       
     e(  3 -  4) =      5.17114  eV     2   --> E    L_3       
     e(  5 -  5) =      7.93370  eV     1   --> A_1  L_1       
     e(  6 -  7) =      9.69877  eV     2   --> E    L_3       
     e(  8 -  8) =     14.11482  eV     1   --> A_1  L_1       

 **************************************************************************

 **************************************************************************

                    xk=(   0.32500,   0.32500,   0.32500  )

     Band symmetry, C_3v (3m)   point group:

     e(  1 -  1) =     -4.44134  eV     1   --> A_1  L_1       
     e(  2 -  2) =      1.00390  eV     1   --> A_1  L_1       
     e(  3 -  4) =      5.22878  eV     2   --> E    L_3       
     e(  5 -  5) =      7.99843  eV     1   --> A_1  L_1       
     e(  6 -  7) =      9.72845  eV     2   --> E    L_3       
     e(  8 -  8) =     14.05060  eV     1   --> A_1  L_1       

 **************************************************************************

 **************************************************************************

                    xk=(   0.30000,   0.30000,   0.30000  )

     Band symmetry, C_3v (3m)   point group:

     e(  1 -  1) =     -4.62316  eV     1   --> A_1  L_1       
     e(  2 -  2) =      1.41201  eV     1   --> A_1  L_1       
     e(  3 -  4) =      5.29468  eV     2   --> E    L_3       
     e(  5 -  5) =      8.07182  eV     1   --> A_1  L_1       
     e(  6 -  7) =      9.74614  eV     2   --> E    L_3       
     e(  8 -  8) =     13.81663  eV     1   -->   ?

 **************************************************************************

 **************************************************************************

                    xk=(   0.27500,   0.27500,   0.27500  )

     Band symmetry, C_3v (3m)   point group:

     e(  1 -  1) =     -4.79551  eV     1   --> A_1  L_1       
     e(  2 -  2) =      1.83864  eV     1   --> A_1  L_1       
     e(  3 -  4) =      5.36850  eV     2   --> E    L_3       
     e(  5 -  5) =      8.15320  eV     1   --> A_1  L_1       
     e(  6 -  7) =      9.74485  eV     2   --> E    L_3       
     e(  8 -  8) =     13.52659  eV     1   --> A_1  L_1       

 **************************************************************************

 **************************************************************************

                    xk=(   0.25000,   0.25000,   0.25000  )

     Band symmetry, C_3v (3m)   point group:

     e(  1 -  1) =     -4.95644  eV     1   --> A_1  L_1       
     e(  2 -  2) =      2.28077  eV     1   --> A_1  L_1       
     e(  3 -  4) =      5.44964  eV     2   --> E    L_3       
     e(  5 -  5) =      8.24153  eV     1   --> A_1  L_1       
     e(  6 -  7) =      9.71806  eV     2   --> E    L_3       
     e(  8 -  8) =     13.13351  eV     1   --> A_1  L_1       

 **************************************************************************

 **************************************************************************

                    xk=(   0.22500,   0.22500,   0.22500  )

     Band symmetry, C_3v (3m)   point group:

     e(  1 -  1) =     -5.10454  eV     1   --> A_1  L_1       
     e(  2 -  2) =      2.73546  eV     1   --> A_1  L_1       
     e(  3 -  4) =      5.53727  eV     2   --> E    L_3       
     e(  5 -  5) =      8.33539  eV     1   --> A_1  L_1       
     e(  6 -  7) =      9.66165  eV     2   --> E    L_3       
     e(  8 -  8) =     12.70789  eV     1   --> A_1  L_1       

 **************************************************************************

 **************************************************************************

                    xk=(   0.20000,   0.20000,   0.20000  )

     Band symmetry, C_3v (3m)   point group:

     e(  1 -  1) =     -5.23882  eV     1   --> A_1  L_1       
     e(  2 -  2) =      3.19983  eV     1   --> A_1  L_1       
     e(  3 -  4) =      5.63022  eV     2   --> E    L_3       
     e(  5 -  5) =      8.43278  eV     1   --> A_1  L_1       
     e(  6 -  7) =      9.57548  eV     2   --> E    L_3       
     e(  8 -  8) =     12.26637  eV     1   --> A_1  L_1       

 **************************************************************************

 **************************************************************************

                    xk=(   0.17500,   0.17500,   0.17500  )

     Band symmetry, C_3v (3m)   point group:

     e(  1 -  1) =     -5.35854  eV     1   --> A_1  L_1       
     e(  2 -  2) =      3.67041  eV     1   --> A_1  L_1       
     e(  3 -  4) =      5.72679  eV     2   --> E    L_3       
     e(  5 -  5) =      8.53111  eV     1   --> A_1  L_1       
     e(  6 -  7) =      9.46386  eV     2   --> E    L_3       
     e(  8 -  8) =     11.81752  eV     1   --> A_1  L_1       

 **************************************************************************

 **************************************************************************

                    xk=(   0.15000,   0.15000,   0.15000  )

     Band symmetry, C_3v (3m)   point group:

     e(  1 -  1) =     -5.46314  eV     1   --> A_1  L_1       
     e(  2 -  2) =      4.14278  eV     1   --> A_1  L_1       
     e(  3 -  4) =      5.82485  eV     2   --> E    L_3       
     e(  5 -  5) =      8.62664  eV     1   --> A_1  L_1       
     e(  6 -  7) =      9.33505  eV     2   --> E    L_3       
     e(  8 -  8) =     11.36777  eV     1   --> A_1  L_1       

 **************************************************************************

 **************************************************************************

                    xk=(   0.12500,   0.12500,   0.12500  )

     Band symmetry, C_3v (3m)   point group:

     e(  1 -  1) =     -5.55222  eV     1   --> A_1  L_1       
     e(  2 -  2) =      4.61068  eV     1   --> A_1  L_1       
     e(  3 -  4) =      5.92118  eV     2   --> E    L_3       
     e(  5 -  5) =      8.71411  eV     1   --> A_1  L_1       
     e(  6 -  7) =      9.19905  eV     2   --> E    L_3       
     e(  8 -  8) =     10.92505  eV     1   --> A_1  L_1       

 **************************************************************************

 **************************************************************************

                    xk=(   0.10000,   0.10000,   0.10000  )

     Band symmetry, C_3v (3m)   point group:

     e(  1 -  1) =     -5.62546  eV     1   --> A_1  L_1       
     e(  2 -  2) =      5.06444  eV     1   --> A_1  L_1       
     e(  3 -  4) =      6.01182  eV     2   --> E    L_3       
     e(  5 -  5) =      8.78592  eV     1   --> A_1  L_1       
     e(  6 -  7) =      9.06670  eV     2   --> E    L_3       
     e(  8 -  8) =     10.50221  eV     1   --> A_1  L_1       

 **************************************************************************

 **************************************************************************

                    xk=(   0.07500,   0.07500,   0.07500  )

     Band symmetry, C_3v (3m)   point group:

     e(  1 -  1) =     -5.68264  eV     1   --> A_1  L_1       
     e(  2 -  2) =      5.48765  eV     1   --> A_1  L_1       
     e(  3 -  4) =      6.09179  eV     2   --> E    L_3       
     e(  5 -  5) =      8.83058  eV     1   --> A_1  L_1       
     e(  6 -  7) =      8.94871  eV     2   --> E    L_3       
     e(  8 -  8) =     10.12163  eV     1   --> A_1  L_1       

 **************************************************************************

 **************************************************************************

                    xk=(   0.05000,   0.05000,   0.05000  )

     Band symmetry, C_3v (3m)   point group:

     e(  1 -  1) =     -5.72360  eV     1   --> A_1  L_1       
     e(  2 -  2) =      5.85268  eV     1   --> A_1  L_1       
     e(  3 -  4) =      6.15525  eV     2   --> E    L_3       
     e(  5 -  5) =      8.83424  eV     1   --> A_1  L_1       
     e(  6 -  7) =      8.85518  eV     2   --> E    L_3       
     e(  8 -  8) =      9.81998  eV     1   --> A_1  L_1       

 **************************************************************************

 **************************************************************************

                    xk=(   0.02500,   0.02500,   0.02500  )

     Band symmetry, C_3v (3m)   point group:

     e(  1 -  1) =     -5.74821  eV     1   --> A_1  L_1       
     e(  2 -  2) =      6.11336  eV     1   --> A_1  L_1       
     e(  3 -  4) =      6.19638  eV     2   --> E    L_3       
     e(  5 -  6) =      8.79488  eV     2   --> E    L_3       
     e(  7 -  7) =      8.79915  eV     1   --> A_1  L_1       
     e(  8 -  8) =      9.63672  eV     1   --> A_1  L_1       

 **************************************************************************

 **************************************************************************

                    xk=(   0.00000,   0.00000,   0.00000  )

     point group O_h (m-3m) 
     there are 10 classes
     the character table:

       E     8C3   3C2   6C4   6C2'  i     8S6   3s_h  6S4   6s_d 
A_1g   1.00  1.00  1.00  1.00  1.00  1.00  1.00  1.00  1.00  1.00
A_2g   1.00  1.00  1.00 -1.00 -1.00  1.00  1.00  1.00 -1.00 -1.00
E_g    2.00 -1.00  2.00  0.00  0.00  2.00 -1.00  2.00  0.00  0.00
T_1g   3.00  0.00 -1.00  1.00 -1.00  3.00  0.00 -1.00  1.00 -1.00
T_2g   3.00  0.00 -1.00 -1.00  1.00  3.00  0.00 -1.00 -1.00  1.00
A_1u   1.00  1.00  1.00  1.00  1.00 -1.00 -1.00 -1.00 -1.00 -1.00
A_2u   1.00  1.00  1.00 -1.00 -1.00 -1.00 -1.00 -1.00  1.00  1.00
E_u    2.00 -1.00  2.00  0.00  0.00 -2.00  1.00 -2.00  0.00  0.00
T_1u   3.00  0.00 -1.00  1.00 -1.00 -3.00  0.00  1.00 -1.00  1.00
T_2u   3.00  0.00 -1.00 -1.00  1.00 -3.00  0.00  1.00  1.00 -1.00

     the symmetry operations in each class and the name of the first element:

     E        1
                                                                 
     8C3     17   19   20   18   24   21   22   23
                                                                 
     3C2      2    4    3
                                                                 
     6C4      7    8   15   16   12   11
                                                                 
     6C2'     5    6   14   13   10    9
                                                                 
     i       25
                                                                 
     8S6     41   43   44   42   48   45   46   47
                                                                 
     3s_h    26   28   27
                                                                 
     6S4     31   32   39   40   36   35
                                                                 
     6s_d    29   30   38   37   34   33
                                                                 

     Band symmetry, O_h (m-3m)  point group:

     e(  1 -  1) =     -5.75642  eV     1   --> A_1g G_1   G_1+
     e(  2 -  4) =      6.21071  eV     3   --> T_2g G_25' G_5+
     e(  5 -  7) =      8.77404  eV     3   --> T_1u G_15  G_4-
     e(  8 -  8) =      9.57903  eV     1   --> A_2u G_2'  G_2-

 **************************************************************************

 **************************************************************************

                    xk=(   0.03333,   0.00000,   0.00000  )

     point group C_4v (4mm) 
     there are  5 classes
     the character table:

       E     2C4   C2    2s_v  2s_d 
A_1    1.00  1.00  1.00  1.00  1.00
A_2    1.00  1.00  1.00 -1.00 -1.00
B_1    1.00 -1.00  1.00  1.00 -1.00
B_2    1.00 -1.00  1.00 -1.00  1.00
E      2.00  0.00 -2.00  0.00  0.00

     the symmetry operations in each class and the name of the first element:

     E        1
                                                                 
     2C4      3    4
                                                                 
     C2       2
                                                                 
     2s_v     5    6
                                                                 
     2s_d     7    8
                                                                 

     Band symmetry, C_4v (4mm)  point group:

     e(  1 -  1) =     -5.75156  eV     1   --> A_1  G_1 D_1   
     e(  2 -  2) =      6.17722  eV     1   --> B_2  G_4 D_2'  
     e(  3 -  4) =      6.18947  eV     2   --> E    G_5 D_5   
     e(  5 -  5) =      8.76190  eV     1   --> A_1  G_1 D_1   
     e(  6 -  7) =      8.80123  eV     2   --> E    G_5 D_5   
     e(  8 -  8) =      9.61186  eV     1   --> B_2  G_4 D_2'  

 **************************************************************************

 **************************************************************************

                    xk=(   0.06667,   0.00000,   0.00000  )

     Band symmetry, C_4v (4mm)  point group:

     e(  1 -  1) =     -5.73696  eV     1   --> A_1  G_1 D_1   
     e(  2 -  2) =      6.08064  eV     1   --> B_2  G_4 D_2'  
     e(  3 -  4) =      6.12854  eV     2   --> E    G_5 D_5   
     e(  5 -  5) =      8.72618  eV     1   --> A_1  G_1 D_1   
     e(  6 -  7) =      8.88014  eV     2   --> E    G_5 D_5   
     e(  8 -  8) =      9.70582  eV     1   --> B_2  G_4 D_2'  

 **************************************************************************

 **************************************************************************

                    xk=(   0.10000,   0.00000,   0.00000  )

     Band symmetry, C_4v (4mm)  point group:

     e(  1 -  1) =     -5.71264  eV     1   --> A_1  G_1 D_1   
     e(  2 -  2) =      5.93075  eV     1   --> B_2  G_4 D_2'  
     e(  3 -  4) =      6.03458  eV     2   --> E    G_5 D_5   
     e(  5 -  5) =      8.66873  eV     1   --> A_1  G_1 D_1   
     e(  6 -  7) =      9.00402  eV     2   --> E    G_5 D_5   
     e(  8 -  8) =      9.84913  eV     1   --> B_2  G_4 D_2'  

 **************************************************************************

 **************************************************************************

                    xk=(   0.13333,   0.00000,   0.00000  )

     Band symmetry, C_4v (4mm)  point group:

     e(  1 -  1) =     -5.67861  eV     1   --> A_1  G_1 D_1   
     e(  2 -  2) =      5.73929  eV     1   --> B_2  G_4 D_2'  
     e(  3 -  4) =      5.91581  eV     2   --> E    G_5 D_5   
     e(  5 -  5) =      8.59229  eV     1   --> A_1  G_1 D_1   
     e(  6 -  7) =      9.16460  eV     2   --> E    G_5 D_5   
     e(  8 -  8) =     10.02604  eV     1   --> B_2  G_4 D_2'  

 **************************************************************************

 **************************************************************************

                    xk=(   0.16667,   0.00000,   0.00000  )

     Band symmetry, C_4v (4mm)  point group:

     e(  1 -  1) =     -5.63489  eV     1   --> A_1  G_1 D_1   
     e(  2 -  2) =      5.51699  eV     1   --> B_2  G_4 D_2'  
     e(  3 -  4) =      5.77990  eV     2   --> E    G_5 D_5   
     e(  5 -  5) =      8.50012  eV     1   --> A_1  G_1 D_1   
     e(  6 -  7) =      9.35409  eV     2   --> E    G_5 D_5   
     e(  8 -  8) =     10.21857  eV     1   --> B_2  G_4 D_2'  

 **************************************************************************

 **************************************************************************

                    xk=(   0.20000,   0.00000,   0.00000  )

     Band symmetry, C_4v (4mm)  point group:

     e(  1 -  1) =     -5.58151  eV     1   --> A_1  G_1 D_1   
     e(  2 -  2) =      5.27232  eV     1   --> B_2  G_4 D_2'  
     e(  3 -  4) =      5.63313  eV     2   --> E    G_5 D_5   
     e(  5 -  5) =      8.39564  eV     1   --> A_1  G_1 D_1   
     e(  6 -  7) =      9.56613  eV     2   --> E    G_5 D_5   
     e(  8 -  8) =     10.40533  eV     1   --> B_2  G_4 D_2'  

 **************************************************************************

 **************************************************************************

                    xk=(   0.23333,   0.00000,   0.00000  )

     Band symmetry, C_4v (4mm)  point group:

     e(  1 -  1) =     -5.51851  eV     1   --> A_1  G_1 D_1   
     e(  2 -  2) =      5.01155  eV     1   --> B_2  G_4 D_2'  
     e(  3 -  4) =      5.48019  eV     2   --> E    G_5 D_5   
     e(  5 -  5) =      8.28213  eV     1   --> A_1  G_1 D_1   
     e(  6 -  7) =      9.79578  eV     2   --> E    G_5 D_5   
     e(  8 -  8) =     10.55836  eV     1   --> B_2  G_4 D_2'  

 **************************************************************************

 **************************************************************************

                    xk=(   0.26667,   0.00000,   0.00000  )

     Band symmetry, C_4v (4mm)  point group:

     e(  1 -  1) =     -5.44592  eV     1   --> A_1  G_1 D_1   
     e(  2 -  2) =      4.73922  eV     1   --> B_2  G_4 D_2'  
     e(  3 -  4) =      5.32475  eV     2   --> E    G_5 D_5   
     e(  5 -  5) =      8.16267  eV     1   --> A_1  G_1 D_1   
     e(  6 -  7) =     10.03937  eV     2   --> E    G_5 D_5   
     e(  8 -  8) =     10.64237  eV     1   --> B_2  G_4 D_2'  

 **************************************************************************

 **************************************************************************

                    xk=(   0.30000,   0.00000,   0.00000  )

     Band symmetry, C_4v (4mm)  point group:

     e(  1 -  1) =     -5.36378  eV     1   --> A_1  G_1 D_1   
     e(  2 -  2) =      4.45860  eV     1   --> B_2  G_4 D_2'  
     e(  3 -  4) =      5.16938  eV     2   --> E    G_5 D_5   
     e(  5 -  5) =      8.03991  eV     1   --> A_1  G_1 D_1   
     e(  6 -  7) =     10.29424  eV     2   --> E    G_5 D_5   
     e(  8 -  8) =     10.62820  eV     1   --> B_2  G_4 D_2'  

 **************************************************************************

 **************************************************************************

                    xk=(   0.33333,   0.00000,   0.00000  )

     Band symmetry, C_4v (4mm)  point group:

     e(  1 -  1) =     -5.27216  eV     1   --> A_1  G_1 D_1   
     e(  2 -  2) =      4.17187  eV     1   --> B_2  G_4 D_2'  
     e(  3 -  4) =      5.01588  eV     2   --> E    G_5 D_5   
     e(  5 -  5) =      7.91613  eV     1   --> A_1  G_1 D_1   
     e(  6 -  6) =     10.51535  eV     1   --> B_2  G_4 D_2'  
     e(  7 -  8) =     10.55841  eV     2   --> E    G_5 D_5   

 **************************************************************************

 **************************************************************************

                    xk=(   0.36667,   0.00000,   0.00000  )

     Band symmetry, C_4v (4mm)  point group:

     e(  1 -  1) =     -5.17110  eV     1   --> A_1  G_1 D_1   
     e(  2 -  2) =      3.88073  eV     1   --> B_2  G_4 D_2'  
     e(  3 -  4) =      4.86587  eV     2   --> E    G_5 D_5   
     e(  5 -  5) =      7.79338  eV     1   --> A_1  G_1 D_1   
     e(  6 -  6) =     10.33054  eV     1   --> B_2  G_4 D_2'  
     e(  7 -  8) =     10.83007  eV     2   --> E    G_5 D_5   

 **************************************************************************

 **************************************************************************

                    xk=(   0.40000,   0.00000,   0.00000  )

     Band symmetry, C_4v (4mm)  point group:

     e(  1 -  1) =     -5.06069  eV     1   --> A_1  G_1 D_1   
     e(  2 -  2) =      3.58636  eV     1   --> B_2  G_4 D_2'  
     e(  3 -  4) =      4.72035  eV     2   --> E    G_5 D_5   
     e(  5 -  5) =      7.67326  eV     1   --> A_1  G_1 D_1   
     e(  6 -  6) =     10.10381  eV     1   --> B_2  G_4 D_2'  
     e(  7 -  8) =     11.10803  eV     2   --> E    G_5 D_5   

 **************************************************************************

 **************************************************************************

                    xk=(   0.43333,   0.00000,   0.00000  )

     Band symmetry, C_4v (4mm)  point group:

     e(  1 -  1) =     -4.94100  eV     1   --> A_1  G_1 D_1   
     e(  2 -  2) =      3.28967  eV     1   --> B_2  G_4 D_2'  
     e(  3 -  4) =      4.58016  eV     2   --> E    G_5 D_5   
     e(  5 -  5) =      7.55719  eV     1   --> A_1  G_1 D_1   
     e(  6 -  6) =      9.85651  eV     1   --> B_2  G_4 D_2'  
     e(  7 -  8) =     11.39138  eV     2   --> E    G_5 D_5   

 **************************************************************************

 **************************************************************************

                    xk=(   0.46667,   0.00000,   0.00000  )

     Band symmetry, C_4v (4mm)  point group:

     e(  1 -  1) =     -4.81210  eV     1   --> A_1  G_1 D_1   
     e(  2 -  2) =      2.99139  eV     1   --> B_2  G_4 D_2'  
     e(  3 -  4) =      4.44597  eV     2   --> E    G_5 D_5   
     e(  5 -  5) =      7.44635  eV     1   --> A_1  G_1 D_1   
     e(  6 -  6) =      9.60177  eV     1   --> B_2  G_4 D_2'  
     e(  7 -  8) =     11.67937  eV     2   --> E    G_5 D_5   

 **************************************************************************

 **************************************************************************

                    xk=(   0.50000,   0.00000,   0.00000  )

     Band symmetry, C_4v (4mm)  point group:

     e(  1 -  1) =     -4.67409  eV     1   --> A_1  G_1 D_1   
     e(  2 -  2) =      2.69211  eV     1   --> B_2  G_4 D_2'  
     e(  3 -  4) =      4.31831  eV     2   --> E    G_5 D_5   
     e(  5 -  5) =      7.34184  eV     1   --> A_1  G_1 D_1   
     e(  6 -  6) =      9.34749  eV     1   --> B_2  G_4 D_2'  
     e(  7 -  8) =     11.97163  eV     2   --> E    G_5 D_5   

 **************************************************************************

 **************************************************************************

                    xk=(   0.53333,   0.00000,   0.00000  )

     Band symmetry, C_4v (4mm)  point group:

     e(  1 -  1) =     -4.52709  eV     1   --> A_1  G_1 D_1   
     e(  2 -  2) =      2.39233  eV     1   --> B_2  G_4 D_2'  
     e(  3 -  4) =      4.19758  eV     2   --> E    G_5 D_5   
     e(  5 -  5) =      7.24434  eV     1   --> A_1  G_1 D_1   
     e(  6 -  6) =      9.09858  eV     1   --> B_2  G_4 D_2'  
     e(  7 -  8) =     12.26723  eV     2   --> E    G_5 D_5   

 **************************************************************************

 **************************************************************************

                    xk=(   0.56667,   0.00000,   0.00000  )

     Band symmetry, C_4v (4mm)  point group:

     e(  1 -  1) =     -4.37120  eV     1   --> A_1  G_1 D_1   
     e(  2 -  2) =      2.09248  eV     1   --> B_2  G_4 D_2'  
     e(  3 -  4) =      4.08406  eV     2   --> E    G_5 D_5   
     e(  5 -  5) =      7.15455  eV     1   --> A_1  G_1 D_1   
     e(  6 -  6) =      8.85805  eV     1   --> B_2  G_4 D_2'  
     e(  7 -  8) =     12.56600  eV     2   --> E    G_5 D_5   

 **************************************************************************

 **************************************************************************

                    xk=(   0.60000,   0.00000,   0.00000  )

     Band symmetry, C_4v (4mm)  point group:

     e(  1 -  1) =     -4.20655  eV     1   --> A_1  G_1 D_1   
     e(  2 -  2) =      1.79309  eV     1   --> B_2  G_4 D_2'  
     e(  3 -  4) =      3.97820  eV     2   --> E    G_5 D_5   
     e(  5 -  5) =      7.07338  eV     1   --> A_1  G_1 D_1   
     e(  6 -  6) =      8.62822  eV     1   --> B_2  G_4 D_2'  
     e(  7 -  8) =     12.86772  eV     2   --> E    G_5 D_5   

 **************************************************************************

 **************************************************************************

                    xk=(   0.63333,   0.00000,   0.00000  )

     Band symmetry, C_4v (4mm)  point group:

     e(  1 -  1) =     -4.03325  eV     1   --> A_1  G_1 D_1   
     e(  2 -  2) =      1.49455  eV     1   --> B_2  G_4 D_2'  
     e(  3 -  4) =      3.88014  eV     2   --> E    G_5 D_5   
     e(  5 -  5) =      7.00127  eV     1   --> A_1  G_1 D_1   
     e(  6 -  6) =      8.41036  eV     1   --> B_2  G_4 D_2'  
     e(  7 -  8) =     13.17215  eV     2   --> E    G_5 D_5   

 **************************************************************************

 **************************************************************************

                    xk=(   0.66667,   0.00000,   0.00000  )

     Band symmetry, C_4v (4mm)  point group:

     e(  1 -  1) =     -3.85149  eV     1   --> A_1  G_1 D_1   
     e(  2 -  2) =      1.19725  eV     1   --> B_2  G_4 D_2'  
     e(  3 -  4) =      3.79008  eV     2   --> E    G_5 D_5   
     e(  5 -  5) =      6.93868  eV     1   --> A_1  G_1 D_1   
     e(  6 -  6) =      8.20526  eV     1   --> B_2  G_4 D_2'  
     e(  7 -  8) =     13.47901  eV     2   --> E    G_5 D_5   

 **************************************************************************

 **************************************************************************

                    xk=(   0.70000,   0.00000,   0.00000  )

     Band symmetry, C_4v (4mm)  point group:

     e(  1 -  1) =     -3.66140  eV     1   --> A_1  G_1 D_1   
     e(  2 -  2) =      0.90168  eV     1   --> B_2  G_4 D_2'  
     e(  3 -  4) =      3.70820  eV     2   --> E    G_5 D_5   
     e(  5 -  5) =      6.88610  eV     1   --> A_1  G_1 D_1   
     e(  6 -  6) =      8.01381  eV     1   --> B_2  G_4 D_2'  
     e(  7 -  8) =     13.78821  eV     2   --> E    G_5 D_5   

 **************************************************************************

 **************************************************************************

                    xk=(   0.73333,   0.00000,   0.00000  )

     Band symmetry, C_4v (4mm)  point group:

     e(  1 -  1) =     -3.46317  eV     1   --> A_1  G_1 D_1   
     e(  2 -  2) =      0.60825  eV     1   --> B_2  G_4 D_2'  
     e(  3 -  4) =      3.63457  eV     2   --> E    G_5 D_5   
     e(  5 -  5) =      6.84392  eV     1   --> A_1  G_1 D_1   
     e(  6 -  6) =      7.83625  eV     1   --> B_2  G_4 D_2'  
     e(  7 -  8) =     14.09952  eV     2   --> E    G_5 D_5   

 **************************************************************************

 **************************************************************************

                    xk=(   0.76667,   0.00000,   0.00000  )

     Band symmetry, C_4v (4mm)  point group:

     e(  1 -  1) =     -3.25698  eV     1   --> A_1  G_1 D_1   
     e(  2 -  2) =      0.31741  eV     1   --> B_2  G_4 D_2'  
     e(  3 -  4) =      3.56941  eV     2   --> E    G_5 D_5   
     e(  5 -  5) =      6.81252  eV     1   --> A_1  G_1 D_1   
     e(  6 -  6) =      7.67280  eV     1   --> B_2  G_4 D_2'  
     e(  7 -  8) =     14.41263  eV     2   --> E    G_5 D_5   

 **************************************************************************

 **************************************************************************

                    xk=(   0.80000,   0.00000,   0.00000  )

     Band symmetry, C_4v (4mm)  point group:

     e(  1 -  1) =     -3.04305  eV     1   --> A_1  G_1 D_1   
     e(  2 -  2) =      0.02959  eV     1   --> B_2  G_4 D_2'  
     e(  3 -  4) =      3.51276  eV     2   --> E    G_5 D_5   
     e(  5 -  5) =      6.79226  eV     1   --> A_1  G_1 D_1   
     e(  6 -  6) =      7.52356  eV     1   --> B_2  G_4 D_2'  
     e(  7 -  8) =     14.72703  eV     2   --> E    G_5 D_5   

 **************************************************************************

 **************************************************************************

                    xk=(   0.83333,   0.00000,   0.00000  )

     Band symmetry, C_4v (4mm)  point group:

     e(  1 -  1) =     -2.82158  eV     1   --> A_1  G_1 D_1   
     e(  2 -  2) =     -0.25478  eV     1   --> B_2  G_4 D_2'  
     e(  3 -  4) =      3.46471  eV     2   --> E    G_5 D_5   
     e(  5 -  5) =      6.78352  eV     1   --> A_1  G_1 D_1   
     e(  6 -  6) =      7.38853  eV     1   --> B_2  G_4 D_2'  
     e(  7 -  8) =     15.04191  eV     2   --> E    G_5 D_5   

 **************************************************************************

 **************************************************************************

                    xk=(   0.86667,   0.00000,   0.00000  )

     Band symmetry, C_4v (4mm)  point group:

     e(  1 -  1) =     -2.59282  eV     1   --> A_1  G_1 D_1   
     e(  2 -  2) =     -0.53527  eV     1   --> B_2  G_4 D_2'  
     e(  3 -  4) =      3.42530  eV     2   --> E    G_5 D_5   
     e(  5 -  5) =      6.78649  eV     1   --> A_1  G_1 D_1   
     e(  6 -  6) =      7.26760  eV     1   --> B_2  G_4 D_2'  
     e(  7 -  8) =     15.35536  eV     2   --> E    G_5 D_5   

 **************************************************************************

 **************************************************************************

                    xk=(   0.90000,   0.00000,   0.00000  )

     Band symmetry, C_4v (4mm)  point group:

     e(  1 -  1) =     -2.35703  eV     1   --> A_1  G_1 D_1   
     e(  2 -  2) =     -0.81146  eV     1   --> B_2  G_4 D_2'  
     e(  3 -  4) =      3.39461  eV     2   --> E    G_5 D_5   
     e(  5 -  5) =      6.80155  eV     1   --> A_1  G_1 D_1   
     e(  6 -  6) =      7.16067  eV     1   --> B_2  G_4 D_2'  
     e(  7 -  8) =     15.66364  eV     2   --> E    G_5 D_5   

 **************************************************************************

 **************************************************************************

                    xk=(   0.93333,   0.00000,   0.00000  )

     Band symmetry, C_4v (4mm)  point group:

     e(  1 -  1) =     -2.11448  eV     1   --> A_1  G_1 D_1   
     e(  2 -  2) =     -1.08296  eV     1   --> B_2  G_4 D_2'  
     e(  3 -  4) =      3.37266  eV     2   --> E    G_5 D_5   
     e(  5 -  5) =      6.82897  eV     1   --> A_1  G_1 D_1   
     e(  6 -  6) =      7.06756  eV     1   --> B_2  G_4 D_2'  
     e(  7 -  8) =     15.95712  eV     2   --> E    G_5 D_5   

 **************************************************************************

 **************************************************************************

                    xk=(   0.96667,   0.00000,   0.00000  )

     Band symmetry, C_4v (4mm)  point group:

     e(  1 -  1) =     -1.86548  eV     1   --> A_1  G_1 D_1   
     e(  2 -  2) =     -1.34938  eV     1   --> B_2  G_4 D_2'  
     e(  3 -  4) =      3.35948  eV     2   --> E    G_5 D_5   
     e(  5 -  5) =      6.86903  eV     1   --> A_1  G_1 D_1   
     e(  6 -  6) =      6.98806  eV     1   --> B_2  G_4 D_2'  
     e(  7 -  8) =     16.20597  eV     2   --> E    G_5 D_5   

 **************************************************************************

 **************************************************************************

                    xk=(   1.00000,   0.00000,   0.00000  )

     zone border point and non-symmorphic group 
     symmetry decomposition not available

 **************************************************************************

 **************************************************************************

                    xk=(   1.00000,   0.02500,   0.02500  )

     zone border point and non-symmorphic group 
     symmetry decomposition not available

 **************************************************************************

 **************************************************************************

                    xk=(   1.00000,   0.05000,   0.05000  )

     zone border point and non-symmorphic group 
     symmetry decomposition not available

 **************************************************************************

 **************************************************************************

                    xk=(   1.00000,   0.07500,   0.07500  )

     zone border point and non-symmorphic group 
     symmetry decomposition not available

 **************************************************************************

 **************************************************************************

                    xk=(   1.00000,   0.10000,   0.10000  )

     zone border point and non-symmorphic group 
     symmetry decomposition not available

 **************************************************************************

 **************************************************************************

                    xk=(   1.00000,   0.12500,   0.12500  )

     zone border point and non-symmorphic group 
     symmetry decomposition not available

 **************************************************************************

 **************************************************************************

                    xk=(   1.00000,   0.15000,   0.15000  )

     zone border point and non-symmorphic group 
     symmetry decomposition not available

 **************************************************************************

 **************************************************************************

                    xk=(   1.00000,   0.17500,   0.17500  )

     zone border point and non-symmorphic group 
     symmetry decomposition not available

 **************************************************************************

 **************************************************************************

                    xk=(   1.00000,   0.20000,   0.20000  )

     zone border point and non-symmorphic group 
     symmetry decomposition not available

 **************************************************************************

 **************************************************************************

                    xk=(   1.00000,   0.22500,   0.22500  )

     zone border point and non-symmorphic group 
     symmetry decomposition not available

 **************************************************************************

 **************************************************************************

                    xk=(   1.00000,   0.25000,   0.25000  )

     zone border point and non-symmorphic group 
     symmetry decomposition not available

 **************************************************************************

 **************************************************************************

                    xk=(   0.96667,   0.24167,   0.24167  )

     point group C_s (m)    
     there are  2 classes
     the character table:

       E     s    
A'     1.00  1.00
A''    1.00 -1.00

     the symmetry operations in each class and the name of the first element:

     E        1
                                                                 
     s        2
                                                                 

     Band symmetry, C_s (m)     point group:

     e(  1 -  1) =     -2.02787  eV     1   --> A'             
     e(  2 -  2) =     -1.02170  eV     1   --> A'             
     e(  3 -  3) =      1.94958  eV     1   --> A'             
     e(  4 -  4) =      3.75933  eV     1   --> A''            
     e(  5 -  5) =      7.39059  eV     1   --> A'             
     e(  6 -  6) =     10.18233  eV     1   --> A'             
     e(  7 -  7) =     13.70862  eV     1   --> A''            
     e(  8 -  8) =     14.09887  eV     1   --> A'             

 **************************************************************************

 **************************************************************************

                    xk=(   0.93333,   0.23333,   0.23333  )

     Band symmetry, C_s (m)     point group:

     e(  1 -  1) =     -2.11360  eV     1   --> A'             
     e(  2 -  2) =     -0.94524  eV     1   --> A'             
     e(  3 -  3) =      2.02284  eV     1   --> A'             
     e(  4 -  4) =      3.74503  eV     1   --> A''            
     e(  5 -  5) =      7.37727  eV     1   --> A'             
     e(  6 -  6) =     10.03446  eV     1   --> A'             
     e(  7 -  7) =     13.62415  eV     1   --> A''            
     e(  8 -  8) =     13.88100  eV     1   --> A'             

 **************************************************************************

 **************************************************************************

                    xk=(   0.90000,   0.22500,   0.22500  )

     Band symmetry, C_s (m)     point group:

     e(  1 -  1) =     -2.25935  eV     1   --> A'             
     e(  2 -  2) =     -0.80858  eV     1   --> A'             
     e(  3 -  3) =      2.12016  eV     1   --> A'             
     e(  4 -  4) =      3.73982  eV     1   --> A''            
     e(  5 -  5) =      7.37619  eV     1   --> A'             
     e(  6 -  6) =      9.90079  eV     1   --> A'             
     e(  7 -  7) =     13.49251  eV     1   --> A''            
     e(  8 -  8) =     13.65816  eV     1   --> A'             

 **************************************************************************

 **************************************************************************

                    xk=(   0.86667,   0.21667,   0.21667  )

     Band symmetry, C_s (m)     point group:

     e(  1 -  1) =     -2.43932  eV     1   --> A'             
     e(  2 -  2) =     -0.63409  eV     1   --> A'             
     e(  3 -  3) =      2.23779  eV     1   --> A'             
     e(  4 -  4) =      3.74382  eV     1   --> A''            
     e(  5 -  5) =      7.38694  eV     1   --> A'             
     e(  6 -  6) =      9.78229  eV     1   --> A'             
     e(  7 -  7) =     13.34361  eV     1   --> A''            
     e(  8 -  8) =     13.43509  eV     1   --> A'             

 **************************************************************************

 **************************************************************************

                    xk=(   0.83333,   0.20833,   0.20833  )

     Band symmetry, C_s (m)     point group:

     e(  1 -  1) =     -2.63688  eV     1   --> A'             
     e(  2 -  2) =     -0.43564  eV     1   --> A'             
     e(  3 -  3) =      2.37255  eV     1   --> A'             
     e(  4 -  4) =      3.75712  eV     1   --> A''            
     e(  5 -  5) =      7.40888  eV     1   --> A'             
     e(  6 -  6) =      9.68000  eV     1   --> A'             
     e(  7 -  7) =     13.18897  eV     1   --> A''            
     e(  8 -  8) =     13.21281  eV     1   --> A'             

 **************************************************************************

 **************************************************************************

                    xk=(   0.80000,   0.20000,   0.20000  )

     Band symmetry, C_s (m)     point group:

     e(  1 -  1) =     -2.84260  eV     1   --> A'             
     e(  2 -  2) =     -0.22049  eV     1   --> A'             
     e(  3 -  3) =      2.52174  eV     1   --> A'             
     e(  4 -  4) =      3.77975  eV     1   --> A''            
     e(  5 -  5) =      7.44107  eV     1   --> A'             
     e(  6 -  6) =      9.59527  eV     1   --> A'             
     e(  7 -  7) =     12.99204  eV     1   --> A'             
     e(  8 -  8) =     13.03304  eV     1   --> A''            

 **************************************************************************

 **************************************************************************

                    xk=(   0.76667,   0.19167,   0.19167  )

     Band symmetry, C_s (m)     point group:

     e(  1 -  1) =     -3.05090  eV     1   --> A'             
     e(  2 -  2) =      0.00753  eV     1   --> A'             
     e(  3 -  3) =      2.68302  eV     1   --> A'             
     e(  4 -  4) =      3.81182  eV     1   --> A''            
     e(  5 -  5) =      7.48245  eV     1   --> A'             
     e(  6 -  6) =      9.52960  eV     1   --> A'             
     e(  7 -  7) =     12.77293  eV     1   --> A'             
     e(  8 -  8) =     12.87754  eV     1   --> A''            

 **************************************************************************

 **************************************************************************

                    xk=(   0.73333,   0.18333,   0.18333  )

     Band symmetry, C_s (m)     point group:

     e(  1 -  1) =     -3.25829  eV     1   --> A'             
     e(  2 -  2) =      0.24627  eV     1   --> A'             
     e(  3 -  3) =      2.85437  eV     1   --> A'             
     e(  4 -  4) =      3.85326  eV     1   --> A''            
     e(  5 -  5) =      7.53132  eV     1   --> A'             
     e(  6 -  6) =      9.48470  eV     1   --> A'             
     e(  7 -  7) =     12.55563  eV     1   --> A'             
     e(  8 -  8) =     12.72264  eV     1   --> A''            

 **************************************************************************

 **************************************************************************

                    xk=(   0.70000,   0.17500,   0.17500  )

     Band symmetry, C_s (m)     point group:

     e(  1 -  1) =     -3.46245  eV     1   --> A'             
     e(  2 -  2) =      0.49444  eV     1   --> A'             
     e(  3 -  3) =      3.03397  eV     1   --> A'             
     e(  4 -  4) =      3.90409  eV     1   --> A''            
     e(  5 -  5) =      7.58598  eV     1   --> A'             
     e(  6 -  6) =      9.46258  eV     1   --> A'             
     e(  7 -  7) =     12.34036  eV     1   --> A'             
     e(  8 -  8) =     12.56780  eV     1   --> A''            

 **************************************************************************

 **************************************************************************

                    xk=(   0.66667,   0.16667,   0.16667  )

     Band symmetry, C_s (m)     point group:

     e(  1 -  1) =     -3.66171  eV     1   --> A'             
     e(  2 -  2) =      0.75123  eV     1   --> A'             
     e(  3 -  3) =      3.22015  eV     1   --> A'             
     e(  4 -  4) =      3.96423  eV     1   --> A''            
     e(  5 -  5) =      7.64425  eV     1   --> A'             
     e(  6 -  6) =      9.46504  eV     1   --> A'             
     e(  7 -  7) =     12.12740  eV     1   --> A'             
     e(  8 -  8) =     12.41202  eV     1   --> A''            

 **************************************************************************

 **************************************************************************

                    xk=(   0.63333,   0.15833,   0.15833  )

     Band symmetry, C_s (m)     point group:

     e(  1 -  1) =     -3.85486  eV     1   --> A'             
     e(  2 -  2) =      1.01606  eV     1   --> A'             
     e(  3 -  3) =      3.41136  eV     1   --> A'             
     e(  4 -  4) =      4.03364  eV     1   --> A''            
     e(  5 -  5) =      7.70418  eV     1   --> A'             
     e(  6 -  6) =      9.49378  eV     1   --> A'             
     e(  7 -  7) =     11.91709  eV     1   --> A'             
     e(  8 -  8) =     12.25376  eV     1   --> A''            

 **************************************************************************

 **************************************************************************

                    xk=(   0.60000,   0.15000,   0.15000  )

     Band symmetry, C_s (m)     point group:

     e(  1 -  1) =     -4.04098  eV     1   --> A'             
     e(  2 -  2) =      1.28853  eV     1   --> A'             
     e(  3 -  3) =      3.60618  eV     1   --> A'             
     e(  4 -  4) =      4.11216  eV     1   --> A''            
     e(  5 -  5) =      7.76402  eV     1   --> A'             
     e(  6 -  6) =      9.54978  eV     1   --> A'             
     e(  7 -  7) =     11.71013  eV     1   --> A'             
     e(  8 -  8) =     12.09139  eV     1   --> A''            

 **************************************************************************

 **************************************************************************

                    xk=(   0.56667,   0.14167,   0.14167  )

     Band symmetry, C_s (m)     point group:

     e(  1 -  1) =     -4.21934  eV     1   --> A'             
     e(  2 -  2) =      1.56823  eV     1   --> A'             
     e(  3 -  3) =      3.80326  eV     1   --> A'             
     e(  4 -  4) =      4.19969  eV     1   --> A''            
     e(  5 -  5) =      7.82265  eV     1   --> A'             
     e(  6 -  6) =      9.63259  eV     1   --> A'             
     e(  7 -  7) =     11.50752  eV     1   --> A'             
     e(  8 -  8) =     11.92303  eV     1   --> A''            

 **************************************************************************

 **************************************************************************

                    xk=(   0.53333,   0.13333,   0.13333  )

     Band symmetry, C_s (m)     point group:

     e(  1 -  1) =     -4.38937  eV     1   --> A'             
     e(  2 -  2) =      1.85483  eV     1   --> A'             
     e(  3 -  3) =      4.00132  eV     1   --> A'             
     e(  4 -  4) =      4.29602  eV     1   --> A''            
     e(  5 -  5) =      7.87971  eV     1   --> A'             
     e(  6 -  6) =      9.74010  eV     1   --> A'             
     e(  7 -  7) =     11.31107  eV     1   --> A'             
     e(  8 -  8) =     11.74692  eV     1   --> A''            

 **************************************************************************

 **************************************************************************

                    xk=(   0.50000,   0.12500,   0.12500  )

     Band symmetry, C_s (m)     point group:

     e(  1 -  1) =     -4.55061  eV     1   --> A'             
     e(  2 -  2) =      2.14800  eV     1   --> A'             
     e(  3 -  3) =      4.19913  eV     1   --> A'             
     e(  4 -  4) =      4.40090  eV     1   --> A''            
     e(  5 -  5) =      7.93555  eV     1   --> A'             
     e(  6 -  6) =      9.86690  eV     1   --> A'             
     e(  7 -  7) =     11.12438  eV     1   --> A'             
     e(  8 -  8) =     11.56148  eV     1   --> A''            

 **************************************************************************

 **************************************************************************

                    xk=(   0.46667,   0.11667,   0.11667  )

     Band symmetry, C_s (m)     point group:

     e(  1 -  1) =     -4.70267  eV     1   --> A'             
     e(  2 -  2) =      2.44735  eV     1   --> A'             
     e(  3 -  3) =      4.39553  eV     1   --> A'             
     e(  4 -  4) =      4.51404  eV     1   --> A''            
     e(  5 -  5) =      7.99109  eV     1   --> A'             
     e(  6 -  6) =     10.00156  eV     1   --> A'             
     e(  7 -  7) =     10.95559  eV     1   --> A'             
     e(  8 -  8) =     11.36564  eV     1   --> A''            

 **************************************************************************

 **************************************************************************

                    xk=(   0.43333,   0.10833,   0.10833  )

     Band symmetry, C_s (m)     point group:

     e(  1 -  1) =     -4.84525  eV     1   --> A'             
     e(  2 -  2) =      2.75239  eV     1   --> A'             
     e(  3 -  3) =      4.58937  eV     1   --> A'             
     e(  4 -  4) =      4.63507  eV     1   --> A''            
     e(  5 -  5) =      8.04757  eV     1   --> A'             
     e(  6 -  6) =     10.11785  eV     1   --> A'             
     e(  7 -  7) =     10.82612  eV     1   --> A'             
     e(  8 -  8) =     11.15937  eV     1   --> A''            

 **************************************************************************

 **************************************************************************

                    xk=(   0.40000,   0.10000,   0.10000  )

     Band symmetry, C_s (m)     point group:

     e(  1 -  1) =     -4.97807  eV     1   --> A'             
     e(  2 -  2) =      3.06256  eV     1   --> A'             
     e(  3 -  3) =      4.76345  eV     1   --> A''            
     e(  4 -  4) =      4.77947  eV     1   --> A'             
     e(  5 -  5) =      8.10600  eV     1   --> A'             
     e(  6 -  6) =     10.16185  eV     1   --> A'             
     e(  7 -  7) =     10.78207  eV     1   --> A'             
     e(  8 -  8) =     10.94318  eV     1   --> A''            

 **************************************************************************

 **************************************************************************

                    xk=(   0.36667,   0.09167,   0.09167  )

     Band symmetry, C_s (m)     point group:

     e(  1 -  1) =     -5.10092  eV     1   --> A'             
     e(  2 -  2) =      3.37714  eV     1   --> A'             
     e(  3 -  3) =      4.89860  eV     1   --> A''            
     e(  4 -  4) =      4.96467  eV     1   --> A'             
     e(  5 -  5) =      8.16728  eV     1   --> A'             
     e(  6 -  6) =     10.09921  eV     1   --> A'             
     e(  7 -  7) =     10.71846  eV     1   --> A''            
     e(  8 -  8) =     10.84522  eV     1   --> A'             

 **************************************************************************

 **************************************************************************

                    xk=(   0.33333,   0.08333,   0.08333  )

     Band symmetry, C_s (m)     point group:

     e(  1 -  1) =     -5.21361  eV     1   --> A'             
     e(  2 -  2) =      3.69516  eV     1   --> A'             
     e(  3 -  3) =      5.03962  eV     1   --> A''            
     e(  4 -  4) =      5.14372  eV     1   --> A'             
     e(  5 -  5) =      8.23186  eV     1   --> A'             
     e(  6 -  6) =      9.97271  eV     1   --> A'             
     e(  7 -  7) =     10.48757  eV     1   --> A''            
     e(  8 -  8) =     10.95108  eV     1   --> A'             

 **************************************************************************

 **************************************************************************

                    xk=(   0.30000,   0.07500,   0.07500  )

     Band symmetry, C_s (m)     point group:

     e(  1 -  1) =     -5.31597  eV     1   --> A'             
     e(  2 -  2) =      4.01540  eV     1   --> A'             
     e(  3 -  3) =      5.18546  eV     1   --> A''            
     e(  4 -  4) =      5.31540  eV     1   --> A'             
     e(  5 -  5) =      8.29972  eV     1   --> A'             
     e(  6 -  6) =      9.82392  eV     1   --> A'             
     e(  7 -  7) =     10.25337  eV     1   --> A''            
     e(  8 -  8) =     11.02162  eV     1   --> A'             

 **************************************************************************

 **************************************************************************

                    xk=(   0.26667,   0.06667,   0.06667  )

     Band symmetry, C_s (m)     point group:

     e(  1 -  1) =     -5.40788  eV     1   --> A'             
     e(  2 -  2) =      4.33611  eV     1   --> A'             
     e(  3 -  3) =      5.33469  eV     1   --> A''            
     e(  4 -  4) =      5.47809  eV     1   --> A'             
     e(  5 -  5) =      8.37020  eV     1   --> A'             
     e(  6 -  6) =      9.67008  eV     1   --> A'             
     e(  7 -  7) =     10.01917  eV     1   --> A''            
     e(  8 -  8) =     10.99622  eV     1   --> A'             

 **************************************************************************

 **************************************************************************

                    xk=(   0.23333,   0.05833,   0.05833  )

     Band symmetry, C_s (m)     point group:

     e(  1 -  1) =     -5.48922  eV     1   --> A'             
     e(  2 -  2) =      4.65498  eV     1   --> A'             
     e(  3 -  3) =      5.48545  eV     1   --> A''            
     e(  4 -  4) =      5.63023  eV     1   --> A'             
     e(  5 -  5) =      8.44215  eV     1   --> A'             
     e(  6 -  6) =      9.51816  eV     1   --> A'             
     e(  7 -  7) =      9.78892  eV     1   --> A''            
     e(  8 -  8) =     10.85614  eV     1   --> A'             

 **************************************************************************

 **************************************************************************

                    xk=(   0.20000,   0.05000,   0.05000  )

     Band symmetry, C_s (m)     point group:

     e(  1 -  1) =     -5.55989  eV     1   --> A'             
     e(  2 -  2) =      4.96849  eV     1   --> A'             
     e(  3 -  3) =      5.63498  eV     1   --> A''            
     e(  4 -  4) =      5.76990  eV     1   --> A'             
     e(  5 -  5) =      8.51366  eV     1   --> A'             
     e(  6 -  6) =      9.37161  eV     1   --> A'             
     e(  7 -  7) =      9.56696  eV     1   --> A''            
     e(  8 -  8) =     10.63517  eV     1   --> A'             

 **************************************************************************

 **************************************************************************

                    xk=(   0.16667,   0.04167,   0.04167  )

     Band symmetry, C_s (m)     point group:

     e(  1 -  1) =     -5.61981  eV     1   --> A'             
     e(  2 -  2) =      5.27155  eV     1   --> A'             
     e(  3 -  3) =      5.77964  eV     1   --> A''            
     e(  4 -  4) =      5.89493  eV     1   --> A'             
     e(  5 -  5) =      8.58226  eV     1   --> A'             
     e(  6 -  6) =      9.23225  eV     1   --> A'             
     e(  7 -  7) =      9.35845  eV     1   --> A''            
     e(  8 -  8) =     10.38003  eV     1   --> A'             

 **************************************************************************

 **************************************************************************

                    xk=(   0.13333,   0.03333,   0.03333  )

     Band symmetry, C_s (m)     point group:

     e(  1 -  1) =     -5.66893  eV     1   --> A'             
     e(  2 -  2) =      5.55648  eV     1   --> A'             
     e(  3 -  3) =      5.91458  eV     1   --> A''            
     e(  4 -  4) =      6.00284  eV     1   --> A'             
     e(  5 -  5) =      8.64496  eV     1   --> A'             
     e(  6 -  6) =      9.10137  eV     1   --> A'             
     e(  7 -  7) =      9.16959  eV     1   --> A''            
     e(  8 -  8) =     10.12653  eV     1   --> A'             

 **************************************************************************

 **************************************************************************

                    xk=(   0.10000,   0.02500,   0.02500  )

     Band symmetry, C_s (m)     point group:

     e(  1 -  1) =     -5.70718  eV     1   --> A'             
     e(  2 -  2) =      5.81178  eV     1   --> A'             
     e(  3 -  3) =      6.03328  eV     1   --> A''            
     e(  4 -  4) =      6.09093  eV     1   --> A'             
     e(  5 -  5) =      8.69844  eV     1   --> A'             
     e(  6 -  6) =      8.98098  eV     1   --> A'             
     e(  7 -  7) =      9.00793  eV     1   --> A''            
     e(  8 -  8) =      9.90145  eV     1   --> A'             

 **************************************************************************

 **************************************************************************

                    xk=(   0.06667,   0.01667,   0.01667  )

     Band symmetry, C_s (m)     point group:

     e(  1 -  1) =     -5.73453  eV     1   --> A'             
     e(  2 -  2) =      6.02056  eV     1   --> A'             
     e(  3 -  3) =      6.12772  eV     1   --> A''            
     e(  4 -  4) =      6.15646  eV     1   --> A'             
     e(  5 -  5) =      8.73944  eV     1   --> A'             
     e(  6 -  6) =      8.87681  eV     1   --> A'             
     e(  7 -  7) =      8.88226  eV     1   --> A''            
     e(  8 -  8) =      9.72627  eV     1   --> A'             

 **************************************************************************

 **************************************************************************

                    xk=(   0.03333,   0.00833,   0.00833  )

     Band symmetry, C_s (m)     point group:

     e(  1 -  1) =     -5.75095  eV     1   --> A'             
     e(  2 -  2) =      6.16074  eV     1   --> A'             
     e(  3 -  3) =      6.18922  eV     1   --> A''            
     e(  4 -  4) =      6.19695  eV     1   --> A'             
     e(  5 -  5) =      8.76523  eV     1   --> A'             
     e(  6 -  6) =      8.80182  eV     1   --> A''            
     e(  7 -  7) =      8.80194  eV     1   --> A'             
     e(  8 -  8) =      9.61629  eV     1   --> A'             

 **************************************************************************

 **************************************************************************

                    xk=(   0.00000,   0.00000,   0.00000  )

     point group O_h (m-3m) 
     there are 10 classes
     the character table:

       E     8C3   3C2   6C4   6C2'  i     8S6   3s_h  6S4   6s_d 
A_1g   1.00  1.00  1.00  1.00  1.00  1.00  1.00  1.00  1.00  1.00
A_2g   1.00  1.00  1.00 -1.00 -1.00  1.00  1.00  1.00 -1.00 -1.00
E_g    2.00 -1.00  2.00  0.00  0.00  2.00 -1.00  2.00  0.00  0.00
T_1g   3.00  0.00 -1.00  1.00 -1.00  3.00  0.00 -1.00  1.00 -1.00
T_2g   3.00  0.00 -1.00 -1.00  1.00  3.00  0.00 -1.00 -1.00  1.00
A_1u   1.00  1.00  1.00  1.00  1.00 -1.00 -1.00 -1.00 -1.00 -1.00
A_2u   1.00  1.00  1.00 -1.00 -1.00 -1.00 -1.00 -1.00  1.00  1.00
E_u    2.00 -1.00  2.00  0.00  0.00 -2.00  1.00 -2.00  0.00  0.00
T_1u   3.00  0.00 -1.00  1.00 -1.00 -3.00  0.00  1.00 -1.00  1.00
T_2u   3.00  0.00 -1.00 -1.00  1.00 -3.00  0.00  1.00  1.00 -1.00

     the symmetry operations in each class and the name of the first element:

     E        1
                                                                 
     8C3     17   19   20   18   24   21   22   23
                                                                 
     3C2      2    4    3
                                                                 
     6C4      7    8   15   16   12   11
                                                                 
     6C2'     5    6   14   13   10    9
                                                                 
     i       25
                                                                 
     8S6     41   43   44   42   48   45   46   47
                                                                 
     3s_h    26   28   27
                                                                 
     6S4     31   32   39   40   36   35
                                                                 
     6s_d    29   30   38   37   34   33
                                                                 

     Band symmetry, O_h (m-3m)  point group:

     e(  1 -  1) =     -5.75642  eV     1   --> A_1g G_1   G_1+
     e(  2 -  4) =      6.21071  eV     3   --> T_2g G_25' G_5+
     e(  5 -  7) =      8.77404  eV     3   --> T_1u G_15  G_4-
     e(  8 -  8) =      9.57903  eV     1   --> A_2u G_2'  G_2-

 **************************************************************************

     BANDS        :     22.36s CPU     35.38s WALL


   This run was terminated on:   4:29:56  17Nov2025            

=------------------------------------------------------------------------------=
   JOB DONE.
=------------------------------------------------------------------------------=
